<html>
<body>
<pre>
<h1>µVision Build Log</h1>
<h2>Tool Versions:</h2>
IDE-Version: ¦ÌVision V5.21.1.0
Copyright (C) 2016 ARM Ltd and ARM Germany GmbH. All rights reserved.
License Information: 1 1, 1, LIC=----
 
Tool Versions:
Toolchain:       MDK-Lite  Version: 5.21a
Toolchain Path:  L:\PFID\ARM\ARMCC\Bin
C Compiler:      Armcc.exe V5.06 update 3 (build 300)
Assembler:       Armasm.exe V5.06 update 3 (build 300)
Linker/Locator:  ArmLink.exe V5.06 update 3 (build 300)
Library Manager: ArmAr.exe V5.06 update 3 (build 300)
Hex Converter:   FromElf.exe V5.06 update 3 (build 300)
CPU DLL:         SARMCM3.DLL V5.21a
Dialog DLL:      DARMCM1.DLL V1.14.0.0
Target DLL:      UL2CM3.DLL V1.158.5.0
Dialog DLL:      TARMCM1.DLL V1.10.0.0
 
<h2>Project:</h2>
D:\rfid11\rfid.uvprojx
Project File Date:  06/15/2023

<h2>Output:</h2>
*** Using Compiler 'V5.06 update 3 (build 300)', folder: 'L:\PFID\ARM\ARMCC\Bin'
Rebuild target 'Target 1'
assembling startup_LPC11xx.s...
compiling uart.c...
compiling system_LPC11xx.c...
compiling led.c...
compiling ssp.c...
compiling rfid.c...
compiling main.c...
led.h(11): warning:  #1-D: last line of file ends without a newline
  #endif
main.c(81): warning:  #167-D: argument of type "unsigned char *" is incompatible with parameter of type "const char *"
  			if(strcmp(buf,wbuf)!=0)//?ç¹????ë²??? ?????÷±¨¾?
main.c(81): warning:  #167-D: argument of type "unsigned char *" is incompatible with parameter of type "const char *"
  			if(strcmp(buf,wbuf)!=0)//?ç¹????ë²??? ?????÷±¨¾?
main.c: 3 warnings, 0 errors
linking...
Program Size: Code=2660 RO-data=272 RW-data=56 ZI-data=512  
".\Objects\rfid.axf" - 0 Error(s), 3 Warning(s).

<h2>Software Packages used:</h2>

Package Vendor: ARM
                http://www.keil.com/pack/ARM.CMSIS.4.5.0.pack
                ARM::CMSIS:CORE:4.3.0
                CMSIS (Cortex Microcontroller Software Interface Standard)
   * Component: CORE Version: 4.3.0

Package Vendor: Keil
                http://www.keil.com/pack/Keil.LPC1100_DFP.1.4.0.pack
                Keil::Device:Startup:1.0.0
                NXP LPC1100 Series Device Support
   * Component: Startup Version: 1.0.0

<h2>Collection of Component include folders:</h2>
  D:\rfid11\RTE
  L:\PFID\ARM\PACK\ARM\CMSIS\4.5.0\CMSIS\Include
  L:\PFID\ARM\PACK\Keil\LPC1100_DFP\1.4.0\Device\Include\LPC11xx

<h2>Collection of Component Files used:</h2>

   * Component: ARM::CMSIS:CORE:4.3.0

   * Component: Keil::Device:Startup:1.0.0
      Source file:   Device\Source\ARM\startup_LPC11xx.s
      Source file:   Device\Source\system_LPC11xx.c
Build Time Elapsed:  00:00:01
</pre>
</body>
</html>
