Component: ARM Compiler 5.06 update 3 (build 300) Tool: armlink [4d35c9]

==============================================================================

Section Cross References

    main.o(i.main) refers to uart.o(i.uart_init) for uart_init
    main.o(i.main) refers to main.o(i.PWMinit) for PWMinit
    main.o(i.main) refers to main.o(i.faninit) for faninit
    main.o(i.main) refers to led.o(i.led_init) for led_init
    main.o(i.main) refers to rfid.o(i.RFID_Init) for RFID_Init
    main.o(i.main) refers to rfid.o(i.RFID_State) for RFID_State
    main.o(i.main) refers to led.o(i.led1_on) for led1_on
    main.o(i.main) refers to main.o(i.fanon) for fanon
    main.o(i.main) refers to rfid.o(i.rfid_read) for rfid_read
    main.o(i.main) refers to strcmp.o(.text) for strcmp
    main.o(i.main) refers to led.o(i.led1_off) for led1_off
    main.o(i.main) refers to main.o(i.fanoff) for fanoff
    main.o(i.main) refers to main.o(i.beepstart) for beepstart
    main.o(i.main) refers to main.o(i.delay) for delay
    main.o(i.main) refers to main.o(i.beepstop) for beepstop
    main.o(i.main) refers to led.o(i.led2_on) for led2_on
    main.o(i.main) refers to printf2.o(i.__0printf$2) for __2printf
    main.o(i.main) refers to led.o(i.led2_off) for led2_off
    main.o(i.main) refers to main.o(.constdata) for .constdata
    rfid.o(i.RFID_Init) refers to ssp.o(i.SPI_IOConfig) for SPI_IOConfig
    rfid.o(i.RFID_Init) refers to ssp.o(i.SPI_Init) for SPI_Init
    rfid.o(i.RFID_Init) refers to rfid.o(i.delay_ms) for delay_ms
    rfid.o(i.RFID_Init) refers to ssp.o(i.GPIOSetDir) for GPIOSetDir
    rfid.o(i.RFID_Operate) refers to ssp.o(i.SPI_Init) for SPI_Init
    rfid.o(i.RFID_Operate) refers to rfid.o(i.RFID_CheckSum) for RFID_CheckSum
    rfid.o(i.RFID_Operate) refers to rfid.o(i.SPI0_Send) for SPI0_Send
    rfid.o(i.RFID_Operate) refers to rfid.o(i.delay_ms) for delay_ms
    rfid.o(i.RFID_State) refers to rfid.o(.data) for cur
    rfid.o(i.SPI0_Send) refers to ssp.o(i.GPIOSetValue) for GPIOSetValue
    rfid.o(i.rfid_read) refers to rfid.o(i.RFID_CheckSum) for RFID_CheckSum
    rfid.o(i.rfid_read) refers to rfid.o(i.SPI0_Send) for SPI0_Send
    rfid.o(i.rfid_read) refers to rfid.o(i.rfid_delay) for rfid_delay
    rfid.o(i.rfid_read) refers to memcpya.o(.text) for __aeabi_memcpy
    rfid.o(i.rfid_read) refers to rfid.o(.data) for RFID_READ_DATA_BLOCK
    rfid.o(i.rfid_write) refers to memcpya.o(.text) for __aeabi_memcpy
    rfid.o(i.rfid_write) refers to rfid.o(i.RFID_CheckSum) for RFID_CheckSum
    rfid.o(i.rfid_write) refers to rfid.o(i.SPI0_Send) for SPI0_Send
    rfid.o(i.rfid_write) refers to rfid.o(i.rfid_delay) for rfid_delay
    rfid.o(i.rfid_write) refers to rfid.o(.data) for RFID_WRITE_DATA_BLOCK
    ssp.o(i.GPIOGetValue) refers to ssp.o(.constdata) for LPC_GPIO
    ssp.o(i.GPIOSetDir) refers to ssp.o(.constdata) for LPC_GPIO
    ssp.o(i.GPIOSetValue) refers to ssp.o(.constdata) for LPC_GPIO
    ssp.o(i.SPI_IOConfig) refers to ssp.o(i.GPIOSetDir) for GPIOSetDir
    ssp.o(i.SPI_IOConfig) refers to ssp.o(i.GPIOSetValue) for GPIOSetValue
    ssp.o(i.SPI_Init) refers to ssp.o(i.NVIC_EnableIRQ) for NVIC_EnableIRQ
    ssp.o(i.SSP0_IRQHandler) refers to ssp.o(.data) for interruptOverRunStat0
    ssp.o(i.SSP1_IRQHandler) refers to ssp.o(.data) for interruptOverRunStat1
    ssp.o(i.SSP_IOConfig) refers to ssp.o(i.GPIOSetDir) for GPIOSetDir
    ssp.o(i.SSP_IOConfig) refers to ssp.o(i.GPIOSetValue) for GPIOSetValue
    ssp.o(i.SSP_Init) refers to ssp.o(i.NVIC_EnableIRQ) for NVIC_EnableIRQ
    uart.o(i.UART_IRQHandler) refers to uart.o(i.uart_send_byte) for uart_send_byte
    uart.o(i.fputc) refers to uart.o(i.uart_send_byte) for uart_send_byte
    uart.o(i.uart_send_str) refers to uart.o(i.uart_send_byte) for uart_send_byte
    startup_lpc11xx.o(RESET) refers to startup_lpc11xx.o(STACK) for __initial_sp
    startup_lpc11xx.o(RESET) refers to startup_lpc11xx.o(.text) for Reset_Handler
    startup_lpc11xx.o(RESET) refers to ssp.o(i.SSP1_IRQHandler) for SSP1_IRQHandler
    startup_lpc11xx.o(RESET) refers to ssp.o(i.SSP0_IRQHandler) for SSP0_IRQHandler
    startup_lpc11xx.o(RESET) refers to uart.o(i.UART_IRQHandler) for UART_IRQHandler
    startup_lpc11xx.o(.text) refers to system_lpc11xx.o(i.SystemInit) for SystemInit
    startup_lpc11xx.o(.text) refers to entry.o(.ARM.Collect$$$$00000000) for __main
    system_lpc11xx.o(i.SystemCoreClockUpdate) refers to system_lpc11xx.o(i.__ARM_common_switch8) for __ARM_common_switch8
    system_lpc11xx.o(i.SystemCoreClockUpdate) refers to uidiv.o(.text) for __aeabi_uidivmod
    system_lpc11xx.o(i.SystemCoreClockUpdate) refers to system_lpc11xx.o(.data) for SystemCoreClock
    entry.o(.ARM.Collect$$$$00000000) refers (Special) to entry10a.o(.ARM.Collect$$$$0000000D) for __rt_final_cpp
    entry.o(.ARM.Collect$$$$00000000) refers (Special) to entry11a.o(.ARM.Collect$$$$0000000F) for __rt_final_exit
    entry.o(.ARM.Collect$$$$00000000) refers (Special) to entry7b.o(.ARM.Collect$$$$00000008) for _main_clock
    entry.o(.ARM.Collect$$$$00000000) refers (Special) to entry8b.o(.ARM.Collect$$$$0000000A) for _main_cpp_init
    entry.o(.ARM.Collect$$$$00000000) refers (Special) to entry9a.o(.ARM.Collect$$$$0000000B) for _main_init
    entry.o(.ARM.Collect$$$$00000000) refers (Special) to entry5.o(.ARM.Collect$$$$00000004) for _main_scatterload
    entry.o(.ARM.Collect$$$$00000000) refers (Special) to entry2.o(.ARM.Collect$$$$00000001) for _main_stk
    printfb.o(i.__0fprintf$bare) refers to printfb.o(i._printf_core) for _printf_core
    printfb.o(i.__0fprintf$bare) refers to uart.o(i.fputc) for fputc
    printfb.o(i.__0printf$bare) refers to printfb.o(i._printf_core) for _printf_core
    printfb.o(i.__0printf$bare) refers to uart.o(i.fputc) for fputc
    printfb.o(i.__0printf$bare) refers to stdout.o(.data) for __stdout
    printfb.o(i.__0snprintf$bare) refers to printfb.o(i._printf_core) for _printf_core
    printfb.o(i.__0snprintf$bare) refers to printfb.o(i._snputc) for _snputc
    printfb.o(i.__0sprintf$bare) refers to printfb.o(i._printf_core) for _printf_core
    printfb.o(i.__0sprintf$bare) refers to printfb.o(i._sputc) for _sputc
    printfb.o(i.__0vfprintf$bare) refers to printfb.o(i._printf_core) for _printf_core
    printfb.o(i.__0vfprintf$bare) refers to uart.o(i.fputc) for fputc
    printfb.o(i.__0vprintf$bare) refers to printfb.o(i._printf_core) for _printf_core
    printfb.o(i.__0vprintf$bare) refers to uart.o(i.fputc) for fputc
    printfb.o(i.__0vprintf$bare) refers to stdout.o(.data) for __stdout
    printfb.o(i.__0vsnprintf$bare) refers to printfb.o(i._printf_core) for _printf_core
    printfb.o(i.__0vsnprintf$bare) refers to printfb.o(i._snputc) for _snputc
    printfb.o(i.__0vsprintf$bare) refers to printfb.o(i._printf_core) for _printf_core
    printfb.o(i.__0vsprintf$bare) refers to printfb.o(i._sputc) for _sputc
    printf0.o(i.__0fprintf$0) refers to printf0.o(i._printf_core) for _printf_core
    printf0.o(i.__0fprintf$0) refers to uart.o(i.fputc) for fputc
    printf0.o(i.__0printf$0) refers to printf0.o(i._printf_core) for _printf_core
    printf0.o(i.__0printf$0) refers to uart.o(i.fputc) for fputc
    printf0.o(i.__0printf$0) refers to stdout.o(.data) for __stdout
    printf0.o(i.__0snprintf$0) refers to printf0.o(i._printf_core) for _printf_core
    printf0.o(i.__0snprintf$0) refers to printf0.o(i._snputc) for _snputc
    printf0.o(i.__0sprintf$0) refers to printf0.o(i._printf_core) for _printf_core
    printf0.o(i.__0sprintf$0) refers to printf0.o(i._sputc) for _sputc
    printf0.o(i.__0vfprintf$0) refers to printf0.o(i._printf_core) for _printf_core
    printf0.o(i.__0vfprintf$0) refers to uart.o(i.fputc) for fputc
    printf0.o(i.__0vprintf$0) refers to printf0.o(i._printf_core) for _printf_core
    printf0.o(i.__0vprintf$0) refers to uart.o(i.fputc) for fputc
    printf0.o(i.__0vprintf$0) refers to stdout.o(.data) for __stdout
    printf0.o(i.__0vsnprintf$0) refers to printf0.o(i._printf_core) for _printf_core
    printf0.o(i.__0vsnprintf$0) refers to printf0.o(i._snputc) for _snputc
    printf0.o(i.__0vsprintf$0) refers to printf0.o(i._printf_core) for _printf_core
    printf0.o(i.__0vsprintf$0) refers to printf0.o(i._sputc) for _sputc
    printf1.o(i.__0fprintf$1) refers to printf1.o(i._printf_core) for _printf_core
    printf1.o(i.__0fprintf$1) refers to uart.o(i.fputc) for fputc
    printf1.o(i.__0printf$1) refers to printf1.o(i._printf_core) for _printf_core
    printf1.o(i.__0printf$1) refers to uart.o(i.fputc) for fputc
    printf1.o(i.__0printf$1) refers to stdout.o(.data) for __stdout
    printf1.o(i.__0snprintf$1) refers to printf1.o(i._printf_core) for _printf_core
    printf1.o(i.__0snprintf$1) refers to printf1.o(i._snputc) for _snputc
    printf1.o(i.__0sprintf$1) refers to printf1.o(i._printf_core) for _printf_core
    printf1.o(i.__0sprintf$1) refers to printf1.o(i._sputc) for _sputc
    printf1.o(i.__0vfprintf$1) refers to printf1.o(i._printf_core) for _printf_core
    printf1.o(i.__0vfprintf$1) refers to uart.o(i.fputc) for fputc
    printf1.o(i.__0vprintf$1) refers to printf1.o(i._printf_core) for _printf_core
    printf1.o(i.__0vprintf$1) refers to uart.o(i.fputc) for fputc
    printf1.o(i.__0vprintf$1) refers to stdout.o(.data) for __stdout
    printf1.o(i.__0vsnprintf$1) refers to printf1.o(i._printf_core) for _printf_core
    printf1.o(i.__0vsnprintf$1) refers to printf1.o(i._snputc) for _snputc
    printf1.o(i.__0vsprintf$1) refers to printf1.o(i._printf_core) for _printf_core
    printf1.o(i.__0vsprintf$1) refers to printf1.o(i._sputc) for _sputc
    printf1.o(i._printf_core) refers to uidiv.o(.text) for __aeabi_uidivmod
    printf2.o(i.__0fprintf$2) refers to printf2.o(i._printf_core) for _printf_core
    printf2.o(i.__0fprintf$2) refers to uart.o(i.fputc) for fputc
    printf2.o(i.__0printf$2) refers to printf2.o(i._printf_core) for _printf_core
    printf2.o(i.__0printf$2) refers to uart.o(i.fputc) for fputc
    printf2.o(i.__0printf$2) refers to stdout.o(.data) for __stdout
    printf2.o(i.__0snprintf$2) refers to printf2.o(i._printf_core) for _printf_core
    printf2.o(i.__0snprintf$2) refers to printf2.o(i._snputc) for _snputc
    printf2.o(i.__0sprintf$2) refers to printf2.o(i._printf_core) for _printf_core
    printf2.o(i.__0sprintf$2) refers to printf2.o(i._sputc) for _sputc
    printf2.o(i.__0vfprintf$2) refers to printf2.o(i._printf_core) for _printf_core
    printf2.o(i.__0vfprintf$2) refers to uart.o(i.fputc) for fputc
    printf2.o(i.__0vprintf$2) refers to printf2.o(i._printf_core) for _printf_core
    printf2.o(i.__0vprintf$2) refers to uart.o(i.fputc) for fputc
    printf2.o(i.__0vprintf$2) refers to stdout.o(.data) for __stdout
    printf2.o(i.__0vsnprintf$2) refers to printf2.o(i._printf_core) for _printf_core
    printf2.o(i.__0vsnprintf$2) refers to printf2.o(i._snputc) for _snputc
    printf2.o(i.__0vsprintf$2) refers to printf2.o(i._printf_core) for _printf_core
    printf2.o(i.__0vsprintf$2) refers to printf2.o(i._sputc) for _sputc
    printf3.o(i.__0fprintf$3) refers to printf3.o(i._printf_core) for _printf_core
    printf3.o(i.__0fprintf$3) refers to uart.o(i.fputc) for fputc
    printf3.o(i.__0printf$3) refers to printf3.o(i._printf_core) for _printf_core
    printf3.o(i.__0printf$3) refers to uart.o(i.fputc) for fputc
    printf3.o(i.__0printf$3) refers to stdout.o(.data) for __stdout
    printf3.o(i.__0snprintf$3) refers to printf3.o(i._printf_core) for _printf_core
    printf3.o(i.__0snprintf$3) refers to printf3.o(i._snputc) for _snputc
    printf3.o(i.__0sprintf$3) refers to printf3.o(i._printf_core) for _printf_core
    printf3.o(i.__0sprintf$3) refers to printf3.o(i._sputc) for _sputc
    printf3.o(i.__0vfprintf$3) refers to printf3.o(i._printf_core) for _printf_core
    printf3.o(i.__0vfprintf$3) refers to uart.o(i.fputc) for fputc
    printf3.o(i.__0vprintf$3) refers to printf3.o(i._printf_core) for _printf_core
    printf3.o(i.__0vprintf$3) refers to uart.o(i.fputc) for fputc
    printf3.o(i.__0vprintf$3) refers to stdout.o(.data) for __stdout
    printf3.o(i.__0vsnprintf$3) refers to printf3.o(i._printf_core) for _printf_core
    printf3.o(i.__0vsnprintf$3) refers to printf3.o(i._snputc) for _snputc
    printf3.o(i.__0vsprintf$3) refers to printf3.o(i._printf_core) for _printf_core
    printf3.o(i.__0vsprintf$3) refers to printf3.o(i._sputc) for _sputc
    printf3.o(i._printf_core) refers to uidiv.o(.text) for __aeabi_uidivmod
    printf4.o(i.__0fprintf$4) refers to printf4.o(i._printf_core) for _printf_core
    printf4.o(i.__0fprintf$4) refers to uart.o(i.fputc) for fputc
    printf4.o(i.__0printf$4) refers to printf4.o(i._printf_core) for _printf_core
    printf4.o(i.__0printf$4) refers to uart.o(i.fputc) for fputc
    printf4.o(i.__0printf$4) refers to stdout.o(.data) for __stdout
    printf4.o(i.__0snprintf$4) refers to printf4.o(i._printf_core) for _printf_core
    printf4.o(i.__0snprintf$4) refers to printf4.o(i._snputc) for _snputc
    printf4.o(i.__0sprintf$4) refers to printf4.o(i._printf_core) for _printf_core
    printf4.o(i.__0sprintf$4) refers to printf4.o(i._sputc) for _sputc
    printf4.o(i.__0vfprintf$4) refers to printf4.o(i._printf_core) for _printf_core
    printf4.o(i.__0vfprintf$4) refers to uart.o(i.fputc) for fputc
    printf4.o(i.__0vprintf$4) refers to printf4.o(i._printf_core) for _printf_core
    printf4.o(i.__0vprintf$4) refers to uart.o(i.fputc) for fputc
    printf4.o(i.__0vprintf$4) refers to stdout.o(.data) for __stdout
    printf4.o(i.__0vsnprintf$4) refers to printf4.o(i._printf_core) for _printf_core
    printf4.o(i.__0vsnprintf$4) refers to printf4.o(i._snputc) for _snputc
    printf4.o(i.__0vsprintf$4) refers to printf4.o(i._printf_core) for _printf_core
    printf4.o(i.__0vsprintf$4) refers to printf4.o(i._sputc) for _sputc
    printf4.o(i._printf_core) refers to uldiv.o(.text) for __aeabi_uldivmod
    printf5.o(i.__0fprintf$5) refers to printf5.o(i._printf_core) for _printf_core
    printf5.o(i.__0fprintf$5) refers to uart.o(i.fputc) for fputc
    printf5.o(i.__0printf$5) refers to printf5.o(i._printf_core) for _printf_core
    printf5.o(i.__0printf$5) refers to uart.o(i.fputc) for fputc
    printf5.o(i.__0printf$5) refers to stdout.o(.data) for __stdout
    printf5.o(i.__0snprintf$5) refers to printf5.o(i._printf_core) for _printf_core
    printf5.o(i.__0snprintf$5) refers to printf5.o(i._snputc) for _snputc
    printf5.o(i.__0sprintf$5) refers to printf5.o(i._printf_core) for _printf_core
    printf5.o(i.__0sprintf$5) refers to printf5.o(i._sputc) for _sputc
    printf5.o(i.__0vfprintf$5) refers to printf5.o(i._printf_core) for _printf_core
    printf5.o(i.__0vfprintf$5) refers to uart.o(i.fputc) for fputc
    printf5.o(i.__0vprintf$5) refers to printf5.o(i._printf_core) for _printf_core
    printf5.o(i.__0vprintf$5) refers to uart.o(i.fputc) for fputc
    printf5.o(i.__0vprintf$5) refers to stdout.o(.data) for __stdout
    printf5.o(i.__0vsnprintf$5) refers to printf5.o(i._printf_core) for _printf_core
    printf5.o(i.__0vsnprintf$5) refers to printf5.o(i._snputc) for _snputc
    printf5.o(i.__0vsprintf$5) refers to printf5.o(i._printf_core) for _printf_core
    printf5.o(i.__0vsprintf$5) refers to printf5.o(i._sputc) for _sputc
    printf5.o(i._printf_core) refers to uldiv.o(.text) for __aeabi_uldivmod
    printf6.o(i.__0fprintf$6) refers to printf6.o(i._printf_core) for _printf_core
    printf6.o(i.__0fprintf$6) refers to uart.o(i.fputc) for fputc
    printf6.o(i.__0printf$6) refers to printf6.o(i._printf_core) for _printf_core
    printf6.o(i.__0printf$6) refers to uart.o(i.fputc) for fputc
    printf6.o(i.__0printf$6) refers to stdout.o(.data) for __stdout
    printf6.o(i.__0snprintf$6) refers to printf6.o(i._printf_core) for _printf_core
    printf6.o(i.__0snprintf$6) refers to printf6.o(i._snputc) for _snputc
    printf6.o(i.__0sprintf$6) refers to printf6.o(i._printf_core) for _printf_core
    printf6.o(i.__0sprintf$6) refers to printf6.o(i._sputc) for _sputc
    printf6.o(i.__0vfprintf$6) refers to printf6.o(i._printf_core) for _printf_core
    printf6.o(i.__0vfprintf$6) refers to uart.o(i.fputc) for fputc
    printf6.o(i.__0vprintf$6) refers to printf6.o(i._printf_core) for _printf_core
    printf6.o(i.__0vprintf$6) refers to uart.o(i.fputc) for fputc
    printf6.o(i.__0vprintf$6) refers to stdout.o(.data) for __stdout
    printf6.o(i.__0vsnprintf$6) refers to printf6.o(i._printf_core) for _printf_core
    printf6.o(i.__0vsnprintf$6) refers to printf6.o(i._snputc) for _snputc
    printf6.o(i.__0vsprintf$6) refers to printf6.o(i._printf_core) for _printf_core
    printf6.o(i.__0vsprintf$6) refers to printf6.o(i._sputc) for _sputc
    printf6.o(i._printf_core) refers to printf6.o(i._printf_pre_padding) for _printf_pre_padding
    printf6.o(i._printf_core) refers to printf6.o(i._printf_post_padding) for _printf_post_padding
    printf6.o(i._printf_core) refers to uidiv.o(.text) for __aeabi_uidivmod
    printf7.o(i.__0fprintf$7) refers to printf7.o(i._printf_core) for _printf_core
    printf7.o(i.__0fprintf$7) refers to uart.o(i.fputc) for fputc
    printf7.o(i.__0printf$7) refers to printf7.o(i._printf_core) for _printf_core
    printf7.o(i.__0printf$7) refers to uart.o(i.fputc) for fputc
    printf7.o(i.__0printf$7) refers to stdout.o(.data) for __stdout
    printf7.o(i.__0snprintf$7) refers to printf7.o(i._printf_core) for _printf_core
    printf7.o(i.__0snprintf$7) refers to printf7.o(i._snputc) for _snputc
    printf7.o(i.__0sprintf$7) refers to printf7.o(i._printf_core) for _printf_core
    printf7.o(i.__0sprintf$7) refers to printf7.o(i._sputc) for _sputc
    printf7.o(i.__0vfprintf$7) refers to printf7.o(i._printf_core) for _printf_core
    printf7.o(i.__0vfprintf$7) refers to uart.o(i.fputc) for fputc
    printf7.o(i.__0vprintf$7) refers to printf7.o(i._printf_core) for _printf_core
    printf7.o(i.__0vprintf$7) refers to uart.o(i.fputc) for fputc
    printf7.o(i.__0vprintf$7) refers to stdout.o(.data) for __stdout
    printf7.o(i.__0vsnprintf$7) refers to printf7.o(i._printf_core) for _printf_core
    printf7.o(i.__0vsnprintf$7) refers to printf7.o(i._snputc) for _snputc
    printf7.o(i.__0vsprintf$7) refers to printf7.o(i._printf_core) for _printf_core
    printf7.o(i.__0vsprintf$7) refers to printf7.o(i._sputc) for _sputc
    printf7.o(i._printf_core) refers to printf7.o(i._printf_pre_padding) for _printf_pre_padding
    printf7.o(i._printf_core) refers to printf7.o(i._printf_post_padding) for _printf_post_padding
    printf7.o(i._printf_core) refers to uldiv.o(.text) for __aeabi_uldivmod
    printf8.o(i.__0fprintf$8) refers to printf8.o(i._printf_core) for _printf_core
    printf8.o(i.__0fprintf$8) refers to uart.o(i.fputc) for fputc
    printf8.o(i.__0printf$8) refers to printf8.o(i._printf_core) for _printf_core
    printf8.o(i.__0printf$8) refers to uart.o(i.fputc) for fputc
    printf8.o(i.__0printf$8) refers to stdout.o(.data) for __stdout
    printf8.o(i.__0snprintf$8) refers to printf8.o(i._printf_core) for _printf_core
    printf8.o(i.__0snprintf$8) refers to printf8.o(i._snputc) for _snputc
    printf8.o(i.__0sprintf$8) refers to printf8.o(i._printf_core) for _printf_core
    printf8.o(i.__0sprintf$8) refers to printf8.o(i._sputc) for _sputc
    printf8.o(i.__0vfprintf$8) refers to printf8.o(i._printf_core) for _printf_core
    printf8.o(i.__0vfprintf$8) refers to uart.o(i.fputc) for fputc
    printf8.o(i.__0vprintf$8) refers to printf8.o(i._printf_core) for _printf_core
    printf8.o(i.__0vprintf$8) refers to uart.o(i.fputc) for fputc
    printf8.o(i.__0vprintf$8) refers to stdout.o(.data) for __stdout
    printf8.o(i.__0vsnprintf$8) refers to printf8.o(i._printf_core) for _printf_core
    printf8.o(i.__0vsnprintf$8) refers to printf8.o(i._snputc) for _snputc
    printf8.o(i.__0vsprintf$8) refers to printf8.o(i._printf_core) for _printf_core
    printf8.o(i.__0vsprintf$8) refers to printf8.o(i._sputc) for _sputc
    printf8.o(i._printf_core) refers to printf8.o(i._printf_pre_padding) for _printf_pre_padding
    printf8.o(i._printf_core) refers to printf8.o(i._printf_post_padding) for _printf_post_padding
    printf8.o(i._printf_core) refers to uldiv.o(.text) for __aeabi_uldivmod
    printfa.o(i.__0fprintf) refers (Special) to iusefp.o(.text) for __I$use$fp
    printfa.o(i.__0fprintf) refers to printfa.o(i._printf_core) for _printf_core
    printfa.o(i.__0fprintf) refers to uart.o(i.fputc) for fputc
    printfa.o(i.__0printf) refers (Special) to iusefp.o(.text) for __I$use$fp
    printfa.o(i.__0printf) refers to printfa.o(i._printf_core) for _printf_core
    printfa.o(i.__0printf) refers to uart.o(i.fputc) for fputc
    printfa.o(i.__0printf) refers to stdout.o(.data) for __stdout
    printfa.o(i.__0snprintf) refers (Special) to iusefp.o(.text) for __I$use$fp
    printfa.o(i.__0snprintf) refers to printfa.o(i._printf_core) for _printf_core
    printfa.o(i.__0snprintf) refers to printfa.o(i._snputc) for _snputc
    printfa.o(i.__0sprintf) refers (Special) to iusefp.o(.text) for __I$use$fp
    printfa.o(i.__0sprintf) refers to printfa.o(i._printf_core) for _printf_core
    printfa.o(i.__0sprintf) refers to printfa.o(i._sputc) for _sputc
    printfa.o(i.__0vfprintf) refers (Special) to iusefp.o(.text) for __I$use$fp
    printfa.o(i.__0vfprintf) refers to printfa.o(i._printf_core) for _printf_core
    printfa.o(i.__0vfprintf) refers to uart.o(i.fputc) for fputc
    printfa.o(i.__0vprintf) refers (Special) to iusefp.o(.text) for __I$use$fp
    printfa.o(i.__0vprintf) refers to printfa.o(i._printf_core) for _printf_core
    printfa.o(i.__0vprintf) refers to uart.o(i.fputc) for fputc
    printfa.o(i.__0vprintf) refers to stdout.o(.data) for __stdout
    printfa.o(i.__0vsnprintf) refers (Special) to iusefp.o(.text) for __I$use$fp
    printfa.o(i.__0vsnprintf) refers to printfa.o(i._printf_core) for _printf_core
    printfa.o(i.__0vsnprintf) refers to printfa.o(i._snputc) for _snputc
    printfa.o(i.__0vsprintf) refers (Special) to iusefp.o(.text) for __I$use$fp
    printfa.o(i.__0vsprintf) refers to printfa.o(i._printf_core) for _printf_core
    printfa.o(i.__0vsprintf) refers to printfa.o(i._sputc) for _sputc
    printfa.o(i._fp_digits) refers (Special) to iusefp.o(.text) for __I$use$fp
    printfa.o(i._fp_digits) refers to dmul.o(.text) for __aeabi_dmul
    printfa.o(i._fp_digits) refers to ddiv.o(.text) for __aeabi_ddiv
    printfa.o(i._fp_digits) refers to cdrcmple.o(.text) for __aeabi_cdrcmple
    printfa.o(i._fp_digits) refers to dadd.o(.text) for __aeabi_dadd
    printfa.o(i._fp_digits) refers to dfixul.o(.text) for __aeabi_d2ulz
    printfa.o(i._fp_digits) refers to uldiv.o(.text) for __aeabi_uldivmod
    printfa.o(i._printf_core) refers (Special) to iusefp.o(.text) for __I$use$fp
    printfa.o(i._printf_core) refers to printfa.o(i._printf_pre_padding) for _printf_pre_padding
    printfa.o(i._printf_core) refers to uldiv.o(.text) for __aeabi_uldivmod
    printfa.o(i._printf_core) refers to printfa.o(i._printf_post_padding) for _printf_post_padding
    printfa.o(i._printf_core) refers to printfa.o(i._fp_digits) for _fp_digits
    printfa.o(i._printf_core) refers to uidiv.o(.text) for __aeabi_uidivmod
    printfa.o(i._printf_post_padding) refers (Special) to iusefp.o(.text) for __I$use$fp
    printfa.o(i._printf_pre_padding) refers (Special) to iusefp.o(.text) for __I$use$fp
    printfa.o(i._snputc) refers (Special) to iusefp.o(.text) for __I$use$fp
    printfa.o(i._sputc) refers (Special) to iusefp.o(.text) for __I$use$fp
    entry2.o(.ARM.Collect$$$$00000001) refers to entry2.o(.ARM.Collect$$$$00002712) for __lit__00000000
    entry2.o(.ARM.Collect$$$$00002712) refers to startup_lpc11xx.o(STACK) for __initial_sp
    entry2.o(__vectab_stack_and_reset_area) refers to startup_lpc11xx.o(STACK) for __initial_sp
    entry2.o(__vectab_stack_and_reset_area) refers to entry.o(.ARM.Collect$$$$00000000) for __main
    entry5.o(.ARM.Collect$$$$00000004) refers to init.o(.text) for __scatterload
    entry9a.o(.ARM.Collect$$$$0000000B) refers to main.o(i.main) for main
    entry9b.o(.ARM.Collect$$$$0000000C) refers to main.o(i.main) for main
    uldiv.o(.text) refers to llushr.o(.text) for __aeabi_llsr
    uldiv.o(.text) refers to llshl.o(.text) for __aeabi_llsl
    dadd.o(.text) refers to llshl.o(.text) for __aeabi_llsl
    dadd.o(.text) refers to llsshr.o(.text) for __aeabi_lasr
    dadd.o(.text) refers to depilogue.o(.text) for _double_epilogue
    dmul.o(.text) refers to depilogue.o(.text) for _double_epilogue
    ddiv.o(.text) refers to depilogue.o(.text) for _double_round
    dfixul.o(.text) refers to llushr.o(.text) for __aeabi_llsr
    dfixul.o(.text) refers to llshl.o(.text) for __aeabi_llsl
    init.o(.text) refers to entry5.o(.ARM.Collect$$$$00000004) for __main_after_scatterload
    depilogue.o(.text) refers to depilogue.o(i.__ARM_clz) for __ARM_clz
    depilogue.o(.text) refers to llshl.o(.text) for __aeabi_llsl
    depilogue.o(.text) refers to llushr.o(.text) for __aeabi_llsr


==============================================================================

Removing Unused input sections from the image.

    Removing main.o(.rev16_text), (4 bytes).
    Removing main.o(.revsh_text), (4 bytes).
    Removing led.o(.rev16_text), (4 bytes).
    Removing led.o(.revsh_text), (4 bytes).
    Removing rfid.o(.rev16_text), (4 bytes).
    Removing rfid.o(.revsh_text), (4 bytes).
    Removing rfid.o(i.RFID_Operate), (254 bytes).
    Removing rfid.o(i.rfid_write), (200 bytes).
    Removing rfid.o(.constdata), (22 bytes).
    Removing ssp.o(.rev16_text), (4 bytes).
    Removing ssp.o(.revsh_text), (4 bytes).
    Removing ssp.o(i.GPIOGetValue), (24 bytes).
    Removing ssp.o(i.SPI_PutGet), (124 bytes).
    Removing ssp.o(i.SSP_IOConfig), (332 bytes).
    Removing ssp.o(i.SSP_Init), (116 bytes).
    Removing ssp.o(i.SSP_Receive), (84 bytes).
    Removing ssp.o(i.SSP_Send), (116 bytes).
    Removing ssp.o(.bss), (32 bytes).
    Removing uart.o(.rev16_text), (4 bytes).
    Removing uart.o(.revsh_text), (4 bytes).
    Removing uart.o(i.uart_recv_byte), (28 bytes).
    Removing uart.o(i.uart_send_str), (24 bytes).
    Removing startup_lpc11xx.o(HEAP), (0 bytes).
    Removing system_lpc11xx.o(.rev16_text), (4 bytes).
    Removing system_lpc11xx.o(.revsh_text), (4 bytes).
    Removing system_lpc11xx.o(i.SystemCoreClockUpdate), (440 bytes).
    Removing system_lpc11xx.o(.data), (4 bytes).
    Removing dadd.o(.text), (356 bytes).
    Removing dmul.o(.text), (208 bytes).
    Removing ddiv.o(.text), (240 bytes).
    Removing dfixul.o(.text), (64 bytes).
    Removing cdrcmple.o(.text), (40 bytes).
    Removing depilogue.o(.text), (190 bytes).
    Removing system_lpc11xx.o(i.__ARM_common_switch8), (28 bytes).
    Removing depilogue.o(i.__ARM_clz), (46 bytes).

35 unused section(s) (total 3020 bytes) removed from the image.

==============================================================================

Image Symbol Table

    Local Symbols

    Symbol Name                              Value     Ov Type        Size  Object(Section)

    RESET                                    0x00000000   Section      192  startup_lpc11xx.o(RESET)
    ../clib/microlib/division.c              0x00000000   Number         0  uidiv.o ABSOLUTE
    ../clib/microlib/division.c              0x00000000   Number         0  uldiv.o ABSOLUTE
    ../clib/microlib/init/entry.s            0x00000000   Number         0  entry11b.o ABSOLUTE
    ../clib/microlib/init/entry.s            0x00000000   Number         0  entry2.o ABSOLUTE
    ../clib/microlib/init/entry.s            0x00000000   Number         0  entry8a.o ABSOLUTE
    ../clib/microlib/init/entry.s            0x00000000   Number         0  entry8b.o ABSOLUTE
    ../clib/microlib/init/entry.s            0x00000000   Number         0  entry9a.o ABSOLUTE
    ../clib/microlib/init/entry.s            0x00000000   Number         0  entry9b.o ABSOLUTE
    ../clib/microlib/init/entry.s            0x00000000   Number         0  entry10a.o ABSOLUTE
    ../clib/microlib/init/entry.s            0x00000000   Number         0  entry10b.o ABSOLUTE
    ../clib/microlib/init/entry.s            0x00000000   Number         0  entry.o ABSOLUTE
    ../clib/microlib/init/entry.s            0x00000000   Number         0  entry11a.o ABSOLUTE
    ../clib/microlib/init/entry.s            0x00000000   Number         0  entry7b.o ABSOLUTE
    ../clib/microlib/init/entry.s            0x00000000   Number         0  entry7a.o ABSOLUTE
    ../clib/microlib/init/entry.s            0x00000000   Number         0  entry5.o ABSOLUTE
    ../clib/microlib/longlong.c              0x00000000   Number         0  llsshr.o ABSOLUTE
    ../clib/microlib/longlong.c              0x00000000   Number         0  llushr.o ABSOLUTE
    ../clib/microlib/longlong.c              0x00000000   Number         0  llshl.o ABSOLUTE
    ../clib/microlib/printf/printf.c         0x00000000   Number         0  printf2.o ABSOLUTE
    ../clib/microlib/printf/printf.c         0x00000000   Number         0  printf1.o ABSOLUTE
    ../clib/microlib/printf/printf.c         0x00000000   Number         0  printfb.o ABSOLUTE
    ../clib/microlib/printf/printf.c         0x00000000   Number         0  printf0.o ABSOLUTE
    ../clib/microlib/printf/printf.c         0x00000000   Number         0  printf5.o ABSOLUTE
    ../clib/microlib/printf/printf.c         0x00000000   Number         0  printf4.o ABSOLUTE
    ../clib/microlib/printf/printf.c         0x00000000   Number         0  printf3.o ABSOLUTE
    ../clib/microlib/printf/printf.c         0x00000000   Number         0  printfa.o ABSOLUTE
    ../clib/microlib/printf/printf.c         0x00000000   Number         0  printf8.o ABSOLUTE
    ../clib/microlib/printf/printf.c         0x00000000   Number         0  printf7.o ABSOLUTE
    ../clib/microlib/printf/printf.c         0x00000000   Number         0  printf6.o ABSOLUTE
    ../clib/microlib/printf/stubs.s          0x00000000   Number         0  stubs.o ABSOLUTE
    ../clib/microlib/stdio/streams.c         0x00000000   Number         0  stdout.o ABSOLUTE
    ../clib/microlib/string/memcpy.c         0x00000000   Number         0  memcpya.o ABSOLUTE
    ../clib/microlib/string/memcpy.c         0x00000000   Number         0  memcpyb.o ABSOLUTE
    ../clib/microlib/string/strcmp.c         0x00000000   Number         0  strcmp.o ABSOLUTE
    ../clib/microlib/stubs.s                 0x00000000   Number         0  iusefp.o ABSOLUTE
    ../fplib/microlib/fpadd.c                0x00000000   Number         0  dadd.o ABSOLUTE
    ../fplib/microlib/fpdiv.c                0x00000000   Number         0  ddiv.o ABSOLUTE
    ../fplib/microlib/fpepilogue.c           0x00000000   Number         0  depilogue.o ABSOLUTE
    ../fplib/microlib/fpfix.c                0x00000000   Number         0  dfixul.o ABSOLUTE
    ../fplib/microlib/fpmul.c                0x00000000   Number         0  dmul.o ABSOLUTE
    RTE\Device\LPC11C14FBD48_301\startup_LPC11xx.s 0x00000000   Number         0  startup_lpc11xx.o ABSOLUTE
    RTE\Device\LPC11C14FBD48_301\system_LPC11xx.c 0x00000000   Number         0  system_lpc11xx.o ABSOLUTE
    RTE\\Device\\LPC11C14FBD48_301\\system_LPC11xx.c 0x00000000   Number         0  system_lpc11xx.o ABSOLUTE
    cdrcmple.s                               0x00000000   Number         0  cdrcmple.o ABSOLUTE
    dc.s                                     0x00000000   Number         0  dc.o ABSOLUTE
    handlers.s                               0x00000000   Number         0  handlers.o ABSOLUTE
    init.s                                   0x00000000   Number         0  init.o ABSOLUTE
    led.c                                    0x00000000   Number         0  led.o ABSOLUTE
    led.c                                    0x00000000   Number         0  led.o ABSOLUTE
    main.c                                   0x00000000   Number         0  main.o ABSOLUTE
    main.c                                   0x00000000   Number         0  main.o ABSOLUTE
    rfid.c                                   0x00000000   Number         0  rfid.o ABSOLUTE
    rfid.c                                   0x00000000   Number         0  rfid.o ABSOLUTE
    ssp.c                                    0x00000000   Number         0  ssp.o ABSOLUTE
    ssp.c                                    0x00000000   Number         0  ssp.o ABSOLUTE
    uart.c                                   0x00000000   Number         0  uart.o ABSOLUTE
    uart.c                                   0x00000000   Number         0  uart.o ABSOLUTE
    .ARM.Collect$$$$00000000                 0x000000c0   Section        0  entry.o(.ARM.Collect$$$$00000000)
    .ARM.Collect$$$$00000001                 0x000000c0   Section        4  entry2.o(.ARM.Collect$$$$00000001)
    .ARM.Collect$$$$00000004                 0x000000c4   Section        4  entry5.o(.ARM.Collect$$$$00000004)
    .ARM.Collect$$$$00000008                 0x000000c8   Section        0  entry7b.o(.ARM.Collect$$$$00000008)
    .ARM.Collect$$$$0000000A                 0x000000c8   Section        0  entry8b.o(.ARM.Collect$$$$0000000A)
    .ARM.Collect$$$$0000000B                 0x000000c8   Section        8  entry9a.o(.ARM.Collect$$$$0000000B)
    .ARM.Collect$$$$0000000D                 0x000000d0   Section        0  entry10a.o(.ARM.Collect$$$$0000000D)
    .ARM.Collect$$$$0000000F                 0x000000d0   Section        0  entry11a.o(.ARM.Collect$$$$0000000F)
    .ARM.Collect$$$$00002712                 0x000000d0   Section        4  entry2.o(.ARM.Collect$$$$00002712)
    __lit__00000000                          0x000000d0   Data           4  entry2.o(.ARM.Collect$$$$00002712)
    .text                                    0x000000d4   Section       28  startup_lpc11xx.o(.text)
    .text                                    0x000000f0   Section        0  memcpya.o(.text)
    .text                                    0x00000114   Section        0  strcmp.o(.text)
    .text                                    0x00000130   Section       36  init.o(.text)
    i.GPIOSetDir                             0x00000154   Section        0  ssp.o(i.GPIOSetDir)
    i.GPIOSetValue                           0x000001a8   Section        0  ssp.o(i.GPIOSetValue)
    i.NVIC_EnableIRQ                         0x000001c4   Section        0  ssp.o(i.NVIC_EnableIRQ)
    NVIC_EnableIRQ                           0x000001c5   Thumb Code    14  ssp.o(i.NVIC_EnableIRQ)
    i.PWMinit                                0x000001d8   Section        0  main.o(i.PWMinit)
    i.RFID_CheckSum                          0x00000244   Section        0  rfid.o(i.RFID_CheckSum)
    i.RFID_Init                              0x00000264   Section        0  rfid.o(i.RFID_Init)
    i.RFID_State                             0x0000029c   Section        0  rfid.o(i.RFID_State)
    i.UART_IRQHandler                        0x000002e0   Section        0  uart.o(i.UART_IRQHandler)
    i.__scatterload_null                     0x000002f8   Section        2  handlers.o(i.__scatterload_null)
    .ARM.__at_0x02FC                         0x000002fc   Section        4  startup_lpc11xx.o(.ARM.__at_0x02FC)
    i.SPI0_Send                              0x00000300   Section        0  rfid.o(i.SPI0_Send)
    SPI0_Send                                0x00000301   Thumb Code   106  rfid.o(i.SPI0_Send)
    i.SPI_IOConfig                           0x00000370   Section        0  ssp.o(i.SPI_IOConfig)
    i.SPI_Init                               0x00000500   Section        0  ssp.o(i.SPI_Init)
    i.SSP0_IRQHandler                        0x00000584   Section        0  ssp.o(i.SSP0_IRQHandler)
    i.SSP1_IRQHandler                        0x000005dc   Section        0  ssp.o(i.SSP1_IRQHandler)
    i.SystemInit                             0x00000634   Section        0  system_lpc11xx.o(i.SystemInit)
    i.__0printf$2                            0x000006d4   Section        0  printf2.o(i.__0printf$2)
    i.__scatterload_copy                     0x000006f4   Section       14  handlers.o(i.__scatterload_copy)
    i.__scatterload_zeroinit                 0x00000702   Section       14  handlers.o(i.__scatterload_zeroinit)
    i._printf_core                           0x00000710   Section        0  printf2.o(i._printf_core)
    _printf_core                             0x00000711   Thumb Code   210  printf2.o(i._printf_core)
    i.beepstart                              0x000007e4   Section        0  main.o(i.beepstart)
    i.beepstop                               0x000007f8   Section        0  main.o(i.beepstop)
    i.delay                                  0x0000080c   Section        0  main.o(i.delay)
    i.delay_ms                               0x0000082c   Section        0  rfid.o(i.delay_ms)
    i.faninit                                0x0000084c   Section        0  main.o(i.faninit)
    i.fanoff                                 0x00000860   Section        0  main.o(i.fanoff)
    i.fanon                                  0x00000874   Section        0  main.o(i.fanon)
    i.fputc                                  0x00000888   Section        0  uart.o(i.fputc)
    i.led1_off                               0x00000898   Section        0  led.o(i.led1_off)
    i.led1_on                                0x000008ac   Section        0  led.o(i.led1_on)
    i.led2_off                               0x000008c0   Section        0  led.o(i.led2_off)
    i.led2_on                                0x000008d4   Section        0  led.o(i.led2_on)
    i.led_init                               0x000008e8   Section        0  led.o(i.led_init)
    i.main                                   0x0000090c   Section        0  main.o(i.main)
    i.rfid_delay                             0x00000994   Section        0  rfid.o(i.rfid_delay)
    i.rfid_read                              0x000009b4   Section        0  rfid.o(i.rfid_read)
    i.uart_init                              0x00000a74   Section        0  uart.o(i.uart_init)
    i.uart_send_byte                         0x00000b0c   Section        0  uart.o(i.uart_send_byte)
    .constdata                               0x00000b24   Section       32  main.o(.constdata)
    LPC_GPIO                                 0x00000b24   Data          16  main.o(.constdata)
    .constdata                               0x00000b44   Section       16  ssp.o(.constdata)
    LPC_GPIO                                 0x00000b44   Data          16  ssp.o(.constdata)
    .data                                    0x10000000   Section       28  rfid.o(.data)
    pre                                      0x10000014   Data           4  rfid.o(.data)
    cur                                      0x10000018   Data           4  rfid.o(.data)
    .data                                    0x1000001c   Section       24  ssp.o(.data)
    .data                                    0x10000034   Section        4  stdout.o(.data)
    STACK                                    0x10000038   Section      512  startup_lpc11xx.o(STACK)

    Global Symbols

    Symbol Name                              Value     Ov Type        Size  Object(Section)

    BuildAttributes$$THM_ISAv3M$S$PE$A:L22$X:L11$S22$IEEE1$IW$USESV6$~STKCKD$USESV7$~SHL$OSPACE$ROPI$EBA8$MICROLIB$REQ8$PRES8$EABIv2 0x00000000   Number         0  anon$$obj.o ABSOLUTE
    __ARM_use_no_argv                        0x00000000   Number         0  main.o ABSOLUTE
    __Vectors                                0x00000000   Data           4  startup_lpc11xx.o(RESET)
    _printf_a                                0x00000000   Number         0  stubs.o ABSOLUTE
    _printf_c                                0x00000000   Number         0  stubs.o ABSOLUTE
    _printf_charcount                        0x00000000   Number         0  stubs.o ABSOLUTE
    _printf_d                                0x00000000   Number         0  stubs.o ABSOLUTE
    _printf_e                                0x00000000   Number         0  stubs.o ABSOLUTE
    _printf_f                                0x00000000   Number         0  stubs.o ABSOLUTE
    _printf_flags                            0x00000000   Number         0  stubs.o ABSOLUTE
    _printf_fp_dec                           0x00000000   Number         0  stubs.o ABSOLUTE
    _printf_fp_hex                           0x00000000   Number         0  stubs.o ABSOLUTE
    _printf_g                                0x00000000   Number         0  stubs.o ABSOLUTE
    _printf_i                                0x00000000   Number         0  stubs.o ABSOLUTE
    _printf_int_dec                          0x00000000   Number         0  stubs.o ABSOLUTE
    _printf_l                                0x00000000   Number         0  stubs.o ABSOLUTE
    _printf_lc                               0x00000000   Number         0  stubs.o ABSOLUTE
    _printf_ll                               0x00000000   Number         0  stubs.o ABSOLUTE
    _printf_lld                              0x00000000   Number         0  stubs.o ABSOLUTE
    _printf_lli                              0x00000000   Number         0  stubs.o ABSOLUTE
    _printf_llo                              0x00000000   Number         0  stubs.o ABSOLUTE
    _printf_llu                              0x00000000   Number         0  stubs.o ABSOLUTE
    _printf_llx                              0x00000000   Number         0  stubs.o ABSOLUTE
    _printf_longlong_dec                     0x00000000   Number         0  stubs.o ABSOLUTE
    _printf_longlong_hex                     0x00000000   Number         0  stubs.o ABSOLUTE
    _printf_longlong_oct                     0x00000000   Number         0  stubs.o ABSOLUTE
    _printf_ls                               0x00000000   Number         0  stubs.o ABSOLUTE
    _printf_mbtowc                           0x00000000   Number         0  stubs.o ABSOLUTE
    _printf_n                                0x00000000   Number         0  stubs.o ABSOLUTE
    _printf_o                                0x00000000   Number         0  stubs.o ABSOLUTE
    _printf_p                                0x00000000   Number         0  stubs.o ABSOLUTE
    _printf_percent                          0x00000000   Number         0  stubs.o ABSOLUTE
    _printf_pre_padding                      0x00000000   Number         0  stubs.o ABSOLUTE
    _printf_return_value                     0x00000000   Number         0  stubs.o ABSOLUTE
    _printf_s                                0x00000000   Number         0  stubs.o ABSOLUTE
    _printf_sizespec                         0x00000000   Number         0  stubs.o ABSOLUTE
    _printf_str                              0x00000000   Number         0  stubs.o ABSOLUTE
    _printf_truncate_signed                  0x00000000   Number         0  stubs.o ABSOLUTE
    _printf_truncate_unsigned                0x00000000   Number         0  stubs.o ABSOLUTE
    _printf_u                                0x00000000   Number         0  stubs.o ABSOLUTE
    _printf_wc                               0x00000000   Number         0  stubs.o ABSOLUTE
    _printf_wctomb                           0x00000000   Number         0  stubs.o ABSOLUTE
    _printf_widthprec                        0x00000000   Number         0  stubs.o ABSOLUTE
    _printf_x                                0x00000000   Number         0  stubs.o ABSOLUTE
    __cpp_initialize__aeabi_                  - Undefined Weak Reference
    __cxa_finalize                            - Undefined Weak Reference
    __decompress                              - Undefined Weak Reference
    _clock_init                               - Undefined Weak Reference
    _microlib_exit                            - Undefined Weak Reference
    __main                                   0x000000c1   Thumb Code     0  entry.o(.ARM.Collect$$$$00000000)
    _main_stk                                0x000000c1   Thumb Code     0  entry2.o(.ARM.Collect$$$$00000001)
    _main_scatterload                        0x000000c5   Thumb Code     0  entry5.o(.ARM.Collect$$$$00000004)
    __main_after_scatterload                 0x000000c9   Thumb Code     0  entry5.o(.ARM.Collect$$$$00000004)
    _main_clock                              0x000000c9   Thumb Code     0  entry7b.o(.ARM.Collect$$$$00000008)
    _main_cpp_init                           0x000000c9   Thumb Code     0  entry8b.o(.ARM.Collect$$$$0000000A)
    _main_init                               0x000000c9   Thumb Code     0  entry9a.o(.ARM.Collect$$$$0000000B)
    __rt_final_cpp                           0x000000d1   Thumb Code     0  entry10a.o(.ARM.Collect$$$$0000000D)
    __rt_final_exit                          0x000000d1   Thumb Code     0  entry11a.o(.ARM.Collect$$$$0000000F)
    Reset_Handler                            0x000000d5   Thumb Code     8  startup_lpc11xx.o(.text)
    NMI_Handler                              0x000000dd   Thumb Code     2  startup_lpc11xx.o(.text)
    HardFault_Handler                        0x000000df   Thumb Code     2  startup_lpc11xx.o(.text)
    SVC_Handler                              0x000000e1   Thumb Code     2  startup_lpc11xx.o(.text)
    PendSV_Handler                           0x000000e3   Thumb Code     2  startup_lpc11xx.o(.text)
    SysTick_Handler                          0x000000e5   Thumb Code     2  startup_lpc11xx.o(.text)
    ADC_IRQHandler                           0x000000e7   Thumb Code     0  startup_lpc11xx.o(.text)
    BOD_IRQHandler                           0x000000e7   Thumb Code     0  startup_lpc11xx.o(.text)
    CAN_IRQHandler                           0x000000e7   Thumb Code     0  startup_lpc11xx.o(.text)
    FMC_IRQHandler                           0x000000e7   Thumb Code     0  startup_lpc11xx.o(.text)
    I2C_IRQHandler                           0x000000e7   Thumb Code     0  startup_lpc11xx.o(.text)
    PIOINT0_IRQHandler                       0x000000e7   Thumb Code     0  startup_lpc11xx.o(.text)
    PIOINT1_IRQHandler                       0x000000e7   Thumb Code     0  startup_lpc11xx.o(.text)
    PIOINT2_IRQHandler                       0x000000e7   Thumb Code     0  startup_lpc11xx.o(.text)
    PIOINT3_IRQHandler                       0x000000e7   Thumb Code     0  startup_lpc11xx.o(.text)
    TIMER16_0_IRQHandler                     0x000000e7   Thumb Code     0  startup_lpc11xx.o(.text)
    TIMER16_1_IRQHandler                     0x000000e7   Thumb Code     0  startup_lpc11xx.o(.text)
    TIMER32_0_IRQHandler                     0x000000e7   Thumb Code     0  startup_lpc11xx.o(.text)
    TIMER32_1_IRQHandler                     0x000000e7   Thumb Code     0  startup_lpc11xx.o(.text)
    USB_FIQHandler                           0x000000e7   Thumb Code     0  startup_lpc11xx.o(.text)
    USB_IRQHandler                           0x000000e7   Thumb Code     0  startup_lpc11xx.o(.text)
    WAKEUP_IRQHandler                        0x000000e7   Thumb Code     0  startup_lpc11xx.o(.text)
    WDT_IRQHandler                           0x000000e7   Thumb Code     0  startup_lpc11xx.o(.text)
    __aeabi_memcpy                           0x000000f1   Thumb Code    36  memcpya.o(.text)
    __aeabi_memcpy4                          0x000000f1   Thumb Code     0  memcpya.o(.text)
    __aeabi_memcpy8                          0x000000f1   Thumb Code     0  memcpya.o(.text)
    strcmp                                   0x00000115   Thumb Code    28  strcmp.o(.text)
    __scatterload                            0x00000131   Thumb Code    28  init.o(.text)
    __scatterload_rt2                        0x00000131   Thumb Code     0  init.o(.text)
    GPIOSetDir                               0x00000155   Thumb Code    78  ssp.o(i.GPIOSetDir)
    GPIOSetValue                             0x000001a9   Thumb Code    22  ssp.o(i.GPIOSetValue)
    PWMinit                                  0x000001d9   Thumb Code    96  main.o(i.PWMinit)
    RFID_CheckSum                            0x00000245   Thumb Code    32  rfid.o(i.RFID_CheckSum)
    RFID_Init                                0x00000265   Thumb Code    50  rfid.o(i.RFID_Init)
    RFID_State                               0x0000029d   Thumb Code    56  rfid.o(i.RFID_State)
    UART_IRQHandler                          0x000002e1   Thumb Code    18  uart.o(i.UART_IRQHandler)
    __scatterload_null                       0x000002f9   Thumb Code     2  handlers.o(i.__scatterload_null)
    SPI_IOConfig                             0x00000371   Thumb Code   392  ssp.o(i.SPI_IOConfig)
    SPI_Init                                 0x00000501   Thumb Code   124  ssp.o(i.SPI_Init)
    SSP0_IRQHandler                          0x00000585   Thumb Code    72  ssp.o(i.SSP0_IRQHandler)
    SSP1_IRQHandler                          0x000005dd   Thumb Code    72  ssp.o(i.SSP1_IRQHandler)
    SystemInit                               0x00000635   Thumb Code   150  system_lpc11xx.o(i.SystemInit)
    __0printf$2                              0x000006d5   Thumb Code    24  printf2.o(i.__0printf$2)
    __1printf$2                              0x000006d5   Thumb Code     0  printf2.o(i.__0printf$2)
    __2printf                                0x000006d5   Thumb Code     0  printf2.o(i.__0printf$2)
    __scatterload_copy                       0x000006f5   Thumb Code    14  handlers.o(i.__scatterload_copy)
    __scatterload_zeroinit                   0x00000703   Thumb Code    14  handlers.o(i.__scatterload_zeroinit)
    beepstart                                0x000007e5   Thumb Code    14  main.o(i.beepstart)
    beepstop                                 0x000007f9   Thumb Code    14  main.o(i.beepstop)
    delay                                    0x0000080d   Thumb Code    26  main.o(i.delay)
    delay_ms                                 0x0000082d   Thumb Code    28  rfid.o(i.delay_ms)
    faninit                                  0x0000084d   Thumb Code    14  main.o(i.faninit)
    fanoff                                   0x00000861   Thumb Code    14  main.o(i.fanoff)
    fanon                                    0x00000875   Thumb Code    14  main.o(i.fanon)
    fputc                                    0x00000889   Thumb Code    16  uart.o(i.fputc)
    led1_off                                 0x00000899   Thumb Code    14  led.o(i.led1_off)
    led1_on                                  0x000008ad   Thumb Code    14  led.o(i.led1_on)
    led2_off                                 0x000008c1   Thumb Code    14  led.o(i.led2_off)
    led2_on                                  0x000008d5   Thumb Code    14  led.o(i.led2_on)
    led_init                                 0x000008e9   Thumb Code    28  led.o(i.led_init)
    main                                     0x0000090d   Thumb Code   128  main.o(i.main)
    rfid_delay                               0x00000995   Thumb Code    30  rfid.o(i.rfid_delay)
    rfid_read                                0x000009b5   Thumb Code   188  rfid.o(i.rfid_read)
    uart_init                                0x00000a75   Thumb Code   136  uart.o(i.uart_init)
    uart_send_byte                           0x00000b0d   Thumb Code    20  uart.o(i.uart_send_byte)
    Region$$Table$$Base                      0x00000b54   Number         0  anon$$obj.o(Region$$Table)
    Region$$Table$$Limit                     0x00000b74   Number         0  anon$$obj.o(Region$$Table)
    RFID_READ_DATA_BLOCK                     0x10000000   Data          10  rfid.o(.data)
    RFID_WRITE_DATA_BLOCK                    0x1000000a   Data          10  rfid.o(.data)
    interruptRxStat0                         0x1000001c   Data           4  ssp.o(.data)
    interruptOverRunStat0                    0x10000020   Data           4  ssp.o(.data)
    interruptRxTimeoutStat0                  0x10000024   Data           4  ssp.o(.data)
    interruptRxStat1                         0x10000028   Data           4  ssp.o(.data)
    interruptOverRunStat1                    0x1000002c   Data           4  ssp.o(.data)
    interruptRxTimeoutStat1                  0x10000030   Data           4  ssp.o(.data)
    __stdout                                 0x10000034   Data           4  stdout.o(.data)
    __initial_sp                             0x10000238   Data           0  startup_lpc11xx.o(STACK)



==============================================================================

Memory Map of the image

  Image Entry point : 0x000000d5

  Load Region LR_1 (Base: 0x00000000, Size: 0x00000bac, Max: 0xffffffff, ABSOLUTE)

    Execution Region ER_RO (Base: 0x00000000, Size: 0x00000b74, Max: 0xffffffff, ABSOLUTE)

    Base Addr    Size         Type   Attr      Idx    E Section Name        Object

    0x00000000   0x000000c0   Data   RO          375    RESET               startup_lpc11xx.o
    0x000000c0   0x00000000   Code   RO          417  * .ARM.Collect$$$$00000000  mc_p.l(entry.o)
    0x000000c0   0x00000004   Code   RO          689    .ARM.Collect$$$$00000001  mc_p.l(entry2.o)
    0x000000c4   0x00000004   Code   RO          692    .ARM.Collect$$$$00000004  mc_p.l(entry5.o)
    0x000000c8   0x00000000   Code   RO          694    .ARM.Collect$$$$00000008  mc_p.l(entry7b.o)
    0x000000c8   0x00000000   Code   RO          696    .ARM.Collect$$$$0000000A  mc_p.l(entry8b.o)
    0x000000c8   0x00000008   Code   RO          697    .ARM.Collect$$$$0000000B  mc_p.l(entry9a.o)
    0x000000d0   0x00000000   Code   RO          699    .ARM.Collect$$$$0000000D  mc_p.l(entry10a.o)
    0x000000d0   0x00000000   Code   RO          701    .ARM.Collect$$$$0000000F  mc_p.l(entry11a.o)
    0x000000d0   0x00000004   Code   RO          690    .ARM.Collect$$$$00002712  mc_p.l(entry2.o)
    0x000000d4   0x0000001c   Code   RO          377  * .text               startup_lpc11xx.o
    0x000000f0   0x00000024   Code   RO          422    .text               mc_p.l(memcpya.o)
    0x00000114   0x0000001c   Code   RO          424    .text               mc_p.l(strcmp.o)
    0x00000130   0x00000024   Code   RO          717    .text               mc_p.l(init.o)
    0x00000154   0x00000054   Code   RO          227    i.GPIOSetDir        ssp.o
    0x000001a8   0x0000001c   Code   RO          228    i.GPIOSetValue      ssp.o
    0x000001c4   0x00000014   Code   RO          229    i.NVIC_EnableIRQ    ssp.o
    0x000001d8   0x0000006c   Code   RO            3    i.PWMinit           main.o
    0x00000244   0x00000020   Code   RO          155    i.RFID_CheckSum     rfid.o
    0x00000264   0x00000038   Code   RO          156    i.RFID_Init         rfid.o
    0x0000029c   0x00000044   Code   RO          158    i.RFID_State        rfid.o
    0x000002e0   0x00000018   Code   RO          325    i.UART_IRQHandler   uart.o
    0x000002f8   0x00000002   Code   RO          732    i.__scatterload_null  mc_p.l(handlers.o)
    0x000002fa   0x00000002   PAD
    0x000002fc   0x00000004   Code   RO          376    .ARM.__at_0x02FC    startup_lpc11xx.o
    0x00000300   0x00000070   Code   RO          159    i.SPI0_Send         rfid.o
    0x00000370   0x00000190   Code   RO          230    i.SPI_IOConfig      ssp.o
    0x00000500   0x00000084   Code   RO          231    i.SPI_Init          ssp.o
    0x00000584   0x00000058   Code   RO          233    i.SSP0_IRQHandler   ssp.o
    0x000005dc   0x00000058   Code   RO          234    i.SSP1_IRQHandler   ssp.o
    0x00000634   0x000000a0   Code   RO          386    i.SystemInit        system_lpc11xx.o
    0x000006d4   0x00000020   Code   RO          495    i.__0printf$2       mc_p.l(printf2.o)
    0x000006f4   0x0000000e   Code   RO          731    i.__scatterload_copy  mc_p.l(handlers.o)
    0x00000702   0x0000000e   Code   RO          733    i.__scatterload_zeroinit  mc_p.l(handlers.o)
    0x00000710   0x000000d2   Code   RO          502    i._printf_core      mc_p.l(printf2.o)
    0x000007e2   0x00000002   PAD
    0x000007e4   0x00000014   Code   RO            4    i.beepstart         main.o
    0x000007f8   0x00000014   Code   RO            5    i.beepstop          main.o
    0x0000080c   0x00000020   Code   RO            6    i.delay             main.o
    0x0000082c   0x00000020   Code   RO          160    i.delay_ms          rfid.o
    0x0000084c   0x00000014   Code   RO            7    i.faninit           main.o
    0x00000860   0x00000014   Code   RO            8    i.fanoff            main.o
    0x00000874   0x00000014   Code   RO            9    i.fanon             main.o
    0x00000888   0x00000010   Code   RO          326    i.fputc             uart.o
    0x00000898   0x00000014   Code   RO          111    i.led1_off          led.o
    0x000008ac   0x00000014   Code   RO          112    i.led1_on           led.o
    0x000008c0   0x00000014   Code   RO          113    i.led2_off          led.o
    0x000008d4   0x00000014   Code   RO          114    i.led2_on           led.o
    0x000008e8   0x00000024   Code   RO          115    i.led_init          led.o
    0x0000090c   0x00000088   Code   RO           10    i.main              main.o
    0x00000994   0x0000001e   Code   RO          161    i.rfid_delay        rfid.o
    0x000009b2   0x00000002   PAD
    0x000009b4   0x000000c0   Code   RO          162    i.rfid_read         rfid.o
    0x00000a74   0x00000098   Code   RO          327    i.uart_init         uart.o
    0x00000b0c   0x00000018   Code   RO          329    i.uart_send_byte    uart.o
    0x00000b24   0x00000020   Data   RO           11    .constdata          main.o
    0x00000b44   0x00000010   Data   RO          240    .constdata          ssp.o
    0x00000b54   0x00000020   Data   RO          729    Region$$Table       anon$$obj.o


    Execution Region ER_RW (Base: 0x10000000, Size: 0x00000038, Max: 0xffffffff, ABSOLUTE)

    Base Addr    Size         Type   Attr      Idx    E Section Name        Object

    0x10000000   0x0000001c   Data   RW          165    .data               rfid.o
    0x1000001c   0x00000018   Data   RW          241    .data               ssp.o
    0x10000034   0x00000004   Data   RW          703    .data               mc_p.l(stdout.o)


    Execution Region ER_ZI (Base: 0x10000038, Size: 0x00000200, Max: 0xffffffff, ABSOLUTE)

    Base Addr    Size         Type   Attr      Idx    E Section Name        Object

    0x10000038   0x00000200   Zero   RW          373    STACK               startup_lpc11xx.o


==============================================================================

Image component sizes


      Code (inc. data)   RO Data    RW Data    ZI Data      Debug   Object Name

       116         32          0          0          0       1593   led.o
       376         56         32          0          0      17791   main.o
       522         32          0         28          0       4252   rfid.o
       840         66         16         24          0      10601   ssp.o
        32         12        192          0        512        788   startup_lpc11xx.o
       160         10          0          0          0       1585   system_lpc11xx.o
       216         26          0          0          0       1727   uart.o

    ----------------------------------------------------------------------
      2264        234        272         52        512      38337   Object Totals
         0          0         32          0          0          0   (incl. Generated)
         2          0          0          0          0          0   (incl. Padding)

    ----------------------------------------------------------------------

      Code (inc. data)   RO Data    RW Data    ZI Data      Debug   Library Member Name

         0          0          0          0          0          0   entry.o
         0          0          0          0          0          0   entry10a.o
         0          0          0          0          0          0   entry11a.o
         8          4          0          0          0          0   entry2.o
         4          0          0          0          0          0   entry5.o
         0          0          0          0          0          0   entry7b.o
         0          0          0          0          0          0   entry8b.o
         8          4          0          0          0          0   entry9a.o
        30          0          0          0          0          0   handlers.o
        36          8          0          0          0         68   init.o
        36          0          0          0          0         60   memcpya.o
       242          8          0          0          0        168   printf2.o
         0          0          0          4          0          0   stdout.o
        28          0          0          0          0         68   strcmp.o

    ----------------------------------------------------------------------
       396         24          0          4          0        364   Library Totals
         4          0          0          0          0          0   (incl. Padding)

    ----------------------------------------------------------------------

      Code (inc. data)   RO Data    RW Data    ZI Data      Debug   Library Name

       392         24          0          4          0        364   mc_p.l

    ----------------------------------------------------------------------
       396         24          0          4          0        364   Library Totals

    ----------------------------------------------------------------------

==============================================================================


      Code (inc. data)   RO Data    RW Data    ZI Data      Debug   

      2660        258        272         56        512      37489   Grand Totals
      2660        258        272         56        512      37489   ELF Image Totals
      2660        258        272         56          0          0   ROM Totals

==============================================================================

    Total RO  Size (Code + RO Data)                 2932 (   2.86kB)
    Total RW  Size (RW Data + ZI Data)               568 (   0.55kB)
    Total ROM Size (Code + RO Data + RW Data)       2988 (   2.92kB)

==============================================================================

